2022-01-02 01:00:36,541:INFO:wiki.py:Url hitted
2022-01-02 01:00:38,342:INFO:wiki.py:Search begins for joker
2022-01-02 01:00:42,785:INFO:wiki.py:Thread run completed
